---
source: src/utils/first/mod.rs
expression: first.tabled()
---
+------+-----------+
| Term | First(X)  |
+------+-----------+
| <E>  | "(", "id" |
+------+-----------+
| <E'> | "+", "ε"  |
+------+-----------+
| <F>  | "(", "id" |
+------+-----------+
| <T>  | "(", "id" |
+------+-----------+
| <T'> | "*", "ε"  |
+------+-----------+
