---
source: src/lr0/core.rs
expression: transitions
---
+----------------+-----+-----+-----+-----+------+-----+------+------+
| Closure/Symbol | "(" | ")" | "*" | "+" | "id" | <E> | <F>  | <T>  |
+----------------+-----+-----+-----+-----+------+-----+------+------+
| I_0            | I_1 |     |     |     | I_2  | I_3 | I_4  | I_5  |
+----------------+-----+-----+-----+-----+------+-----+------+------+
| I_1            | I_1 |     |     |     | I_2  | I_6 | I_4  | I_5  |
+----------------+-----+-----+-----+-----+------+-----+------+------+
| I_3            |     |     |     | I_7 |      |     |      |      |
+----------------+-----+-----+-----+-----+------+-----+------+------+
| I_5            |     |     | I_8 |     |      |     |      |      |
+----------------+-----+-----+-----+-----+------+-----+------+------+
| I_6            |     | I_9 |     | I_7 |      |     |      |      |
+----------------+-----+-----+-----+-----+------+-----+------+------+
| I_7            | I_1 |     |     |     | I_2  |     | I_4  | I_10 |
+----------------+-----+-----+-----+-----+------+-----+------+------+
| I_8            | I_1 |     |     |     | I_2  |     | I_11 |      |
+----------------+-----+-----+-----+-----+------+-----+------+------+
| I_10           |     |     | I_8 |     |      |     |      |      |
+----------------+-----+-----+-----+-----+------+-----+------+------+
